Read data: 2 [0x0002]
 In Binary:   0000 0000 0000 0000 0000 0000 0000 0010
 MaskIt:      0000 0000 0000 0000 0000 0010 0010 0010
 ShiftLeft:   0000 0000 0000 0000 0000 0000 0001 0000
 ShiftRight:  0000 0000 0000 0000 0000 0000 0000 0000
 Bit 5 is    Set

Read data: 19 [0x0013]
 In Binary:   0000 0000 0000 0000 0000 0000 0001 0011
 MaskIt:      0000 0000 0000 0000 0000 0010 0011 0011
 ShiftLeft:   0000 0000 0000 0000 0000 0000 1001 1000
 ShiftRight:  0000 0000 0000 0000 0000 0000 0000 0010
 Bit 5 is    Set

Read data: 2345 [0x0929]
 In Binary:   0000 0000 0000 0000 0000 1001 0010 1001
 MaskIt:      0000 0000 0000 0000 0000 1011 0010 1001
 ShiftLeft:   0000 0000 0000 0000 0100 1001 0100 1000
 ShiftRight:  0000 0000 0000 0000 0000 0001 0010 0101
 Bit 5 is    Set

Read data: 13395 [0x3453]
 In Binary:   0000 0000 0000 0000 0011 0100 0101 0011
 MaskIt:      0000 0000 0000 0000 0011 0110 0111 0011
 ShiftLeft:   0000 0000 0000 0001 1010 0010 1001 1000
 ShiftRight:  0000 0000 0000 0000 0000 0110 1000 1010
 Bit 5 is    Set

